[2026-02-23 02:30:14.334668] VALIDATION ERROR: [{'type': 'missing', 'loc': ('body', 'password'), 'msg': 'Field required', 'input': {'email': 'spsantillan@gmail.com', 'full_name': 'Sebastian Santillan', 'student_id_number': '22-00130'}}]
